frc.util.pathing.FieldObstructionMapTests.obstructionMapMatchesSnapshot=[
 |         |         |         |         |         |         |         |         |         |         |         |         |         |         |         |         |     
―......................................................................................................................................................................
 ......................................................................................................................................................................
 ......................................................................................................................................................................
 ......................................................................................................................................................................
 ......................................................................................................................................................................
 ......................................................................................................................................................................
 ......................................................................................................................................................................
 ......................................................................................................................................................................
 ......................................................................................................................................................................
 ......................................................................................................................................................................
―......................................................................................................................................................................
 ......................................................................................................................................................................
 ......................................................................................................................................................................
 ......................................................................................................................................................................
 ......................................................................................................................................................................
 ......................................................................................................................................................................
 ......................................................................................................................................................................
 ......................................................................................................................................................................
 ......................................................................................................................................................................
 ......................................................................................................................................................................
―......................................................................................................................................................................
 ......................................................................................................................................................................
 ......................................................................................................................................................................
 ......................................................................................................................................................................
 ......................................................................................................................................................................
 ......................................................................................................................................................................
 ......................................................................................................................................................................
 ......................................................................................................................................................................
 ......................................................................................................................................................................
 ......................................................................................................................................................................
―......................................................................................................................................................................
 ......................................................................................................................................................................
 ......................................................................................................................................................................
 ......................................................................................................................................................................
 ......................................................................................................................................................................
 ......................................................................................................................................................................
 ......................................................................................................................................................................
 ......................................................................................................................................................................
 ......................................................................................................................................................................
 ......................................................................................................................................................................
―......................................................................................................................................................................
 ......................................................................................................................................................................
 ......................................................................................................................................................................
 ......................................................................................................................................................................
 ......................................................................................................................................................................
 ......................................................................................................................................................................
 ......................................................................................................................................................................
 ......................................................................................................................................................................
 ......................................................................................................................................................................
 ......................................................................................................................................................................
―......................................................................................................................................................................
 ......................................................................................................................................................................
 ......................................................................................................................................................................
 ......................................................................................................................................................................
 ......................................................................................................................................................................
 ......................................................................................................................................................................
 ......................................................................................................................................................................
 ......................................................................................................................................................................
 ......................................................................................................................................................................
 ......................................................................................................................................................................
―......................................................................................................................................................................
 ......................................................................................................................................................................
 ......................................................................................................................................................................
 ......................................................................................................................................................................
 ......................................................................................................................................................................
 ......................................................................................................................................................................
 ......................................................................................................................................................................
 ......................................................................................................................................................................
 ......................................................................................................................................................................
 ......................................................................................................................................................................
―......................................................................................................................................................................
 ......................................................................................................................................................................
 ......................................................................................................................................................................
 ......................................................................................................................................................................
 ......................................................................................................................................................................
 ......................................................................................................................................................................
 ......................................................................................................................................................................
 ......................................................................................................................................................................
 ......................................................................................................................................................................
 ......................................................................................................................................................................
―......................................................................................................................................................................
.
.
{
  "allianceColor" : "RED",
  "name" : "Charge Station",
  "bottomLeft" : {
    "x" : 11.190351,
    "y" : 1.508506
  },
  "topRight" : {
    "x" : 13.123926,
    "y" : 3.978656
  }
}
]