frc.util.pathing.FieldObstructionMapTests.obstructionMapMatchesSnapshot=[
 |         |         |         |         |         |         |         |         |         |         |         |         |         |         |         |         |     
―##############.....................................................................##############.....................................................................
 ##############.....................................................................##############.....................................................................
 ##############.....................................................................##############.....................................................................
 ##############.....................................................................##############.....................................................................
 ##############.....................................................................##############.....................................................................
 ##############.....................................................................##############.....................................................................
 ##############.....................................................................##############.....................................................................
 ##############.....................................................................##############.....................................................................
 ##############.....................................................................##############.....................................................................
 ##############.....................................................................##############.....................................................................
―##############.....................................................................##############.....................................................................
 ##############.....................................................................##############.....................................................................
 ##############.....................................................................##############.....................................................................
 ##############.....................................................................##############.....................................................................
 ##############.....................................................................##############.....................................................................
 ##############.....................................................................##############.....................................................................
 ##############................###################..................................##############...............####################..................................
 ##############................###################..................................##############...............####################..................................
 ##############................###################..................................##############...............####################..................................
 ##############................###################..................................##############...............####################..................................
―##############................###################..................................##############...............####################..................................
 ##############................###################..................................##############...............####################..................................
 ##############................###################..................................##############...............####################..................................
 ##############................###################..................................##############...............####################..................................
 ##############................###################..................................##############...............####################..................................
 ##############................###################..................................##############...............####################..................................
 ##############................###################..................................##############...............####################..................................
 ##############................###################..................................##############...............####################..................................
 ##############................###################..................................##############...............####################..................................
 ##############................###################..................................##############...............####################..................................
―##############................###################..................................##############...............####################..................................
 ##############................###################..................................##############...............####################..................................
 ##############................###################..................................##############...............####################..................................
 ##############................###################..................................##############...............####################..................................
 ##############................###################..................................##############...............####################..................................
 ##############................###################..................................##############...............####################..................................
 ##############................###################..................................##############...............####################..................................
 ##############................###################..................................##############...............####################..................................
 ##############................###################..................................##############...............####################..................................
 ##############................###################..................................##############...............####################..................................
―##############.....................................................................##############.....................................................................
 ##############.....................................................................##############.....................................................................
 ##############.....................................................................##############.....................................................................
 ##############.....................................................................##############.....................................................................
 ##############.....................................................................##############.....................................................................
 ##############.....................................................................##############.....................................................................
 ##############.....................................................................##############.....................................................................
 ##############.....................................................................##############.....................................................................
 ##############.....................................................................##############.....................................................................
 ##############.....................................................................##############.....................................................................
―##############.....................................................................##############.....................................................................
 ##############.....................................................................##############.....................................................................
 ##############.....................................................................##############.....................................................................
 ##############.....................................................................##############.....................................................................
 ##############.....................................................................##############.....................................................................
 ##################################.................................................#################################..................................................
 ##############.....................................................................##############.....................................................................
 ####...............................................................................####...............................................................................
 ####...............................................................................####...............................................................................
 ####...............................................................................####...............................................................................
―####...............................................................................####...............................................................................
 ####...............................................................................####...............................................................................
 ####...............................................................................####...............................................................................
 ####...............................................................................####...............................................................................
 ####...............................................................................####...............................................................................
 ####...............................................................................####...............................................................................
 ####...............................................................................####...............................................................................
 ####...............................................................................####...............................................................................
 ####...............................................................................####...............................................................................
 ####...............................................................................####...............................................................................
―####...............................................................................####...............................................................................
 ####...............................................................................####...............................................................................
 ####...............................................................................####...............................................................................
 ####...............................................................................####...............................................................................
 ####...............................................................................####...............................................................................
 ####...............................................................................####...............................................................................
 ####...............................................................................####...............................................................................
 ####...............................................................................####...............................................................................
 ####...............................................................................####...............................................................................
 ####...............................................................................####...............................................................................
―####...............................................................................####...............................................................................
.
.
{
  "allianceColor" : "BLUE",
  "name" : "Charge Station",
  "bottomLeft" : {
    "x" : 2.919476,
    "y" : 1.508506
  },
  "topRight" : {
    "x" : 4.853051,
    "y" : 3.978656
  }
}{
  "allianceColor" : "RED",
  "name" : "Charge Station",
  "bottomLeft" : {
    "x" : 11.190351,
    "y" : 1.508506
  },
  "topRight" : {
    "x" : 13.123926,
    "y" : 3.978656
  }
}{
  "allianceColor" : "BLUE",
  "name" : "Scoring Grid",
  "bottomLeft" : {
    "x" : 0.0,
    "y" : 0.0
  },
  "topRight" : {
    "x" : 1.37795,
    "y" : 5.6388
  }
}{
  "allianceColor" : "RED",
  "name" : "Scoring Grid",
  "bottomLeft" : {
    "x" : 8.270875,
    "y" : 0.0
  },
  "topRight" : {
    "x" : 9.648825,
    "y" : 5.6388
  }
}{
  "allianceColor" : "RED",
  "name" : "Barrier",
  "bottomLeft" : {
    "x" : 1.17,
    "y" : 5.43
  },
  "topRight" : {
    "x" : 3.31,
    "y" : 5.53
  }
}{
  "allianceColor" : "BLUE",
  "name" : "Barrier",
  "bottomLeft" : {
    "x" : 9.440875,
    "y" : 5.43
  },
  "topRight" : {
    "x" : 11.580875,
    "y" : 5.53
  }
}{
  "allianceColor" : "RED",
  "name" : "Double Substation",
  "bottomLeft" : {
    "x" : 0.0,
    "y" : 5.6388
  },
  "topRight" : {
    "x" : 0.3556,
    "y" : 8.0137
  }
}{
  "allianceColor" : "BLUE",
  "name" : "Double Substation",
  "bottomLeft" : {
    "x" : 8.270875,
    "y" : 5.6388
  },
  "topRight" : {
    "x" : 8.626475000000001,
    "y" : 8.0137
  }
}
]