frc.util.pathing.FieldObstructionMapTests.obstructionMapMatchesSnapshot=[
Field length: 16.541750, height: 8.013700
Pathing.CELL_X_MAX: 111, Pathing.CELL_Y_MAX: 54, Step Size: 0.150000
######>.>.>.>.>.>.>.>.>.>.>.>.>.>.>.>.>.>.>.>.>.>.>.>.                                                                                                                  >.>.>.>.>.>.>.>.>.>.>.>.>.>.>.>.>.>.>.>.>.>.>.>.######
######>.>.>.>.>.>.>.>.>.>.>.>.>.>.>.>.>.>.>.>.>.>.>.>.                                                                                                                  >.>.>.>.>.>.>.>.>.>.>.>.>.>.>.>.>.>.>.>.>.>.>.>.######
######>.>.>.>.>.>.>.>.>.>.>.>.>.>.>.>.>.>.>.>.>.>.>.>.                                                                                                                  >.>.>.>.>.>.>.>.>.>.>.>.>.>.>.>.>.>.>.>.>.>.>.>.######
######>.>.>.>.>.>.>.>.>.>.>.>.>.>.>.>.>.>.>.>.>.>.>.>.                                                                                                                  >.>.>.>.>.>.>.>.>.>.>.>.>.>.>.>.>.>.>.>.>.>.>.>.######
######>.>.>.>.>.>.>.>.>.>.>.>.>.>.>.>.>.>.>.>.>.>.>.>.                                                                                                                  >.>.>.>.>.>.>.>.>.>.>.>.>.>.>.>.>.>.>.>.>.>.>.>.######
######>.>.>.>.>.>.>.>.>.>.>.>.>.>.>.>.>.>.>.>.>.>.>.>.                                                                                                                  >.>.>.>.>.>.>.>.>.>.>.>.>.>.>.>.>.>.>.>.>.>.>.>.######
######>.>.>.>.>.>.>.>.>.>.>.>.>.>.>.>.>.>.>.>.>.>.>.>.                                                                                                                  >.>.>.>.>.>.>.>.>.>.>.>.>.>.>.>.>.>.>.>.>.>.>.>.######
######>.>.>.>.>.>.>.>.>.>.>.>.>.>.>.>.>.>.>.>.>.>.>.>.                                                                                                                  >.>.>.>.>.>.>.>.>.>.>.>.>.>.>.>.>.>.>.>.>.>.>.>.######
######>.>.>.>.>.>.>.>.>.>.>.>.>.>.>.>.>.>.>.>.>.>.>.>.                                                                                                                  >.>.>.>.>.>.>.>.>.>.>.>.>.>.>.>.>.>.>.>.>.>.>.>.######
######>.>.>.>.>.>.>.>.>.>.>.>.>.>.>.>.>.>.>.>.>.>.>.>.                                                                                                                  >.>.>.>.>.>.>.>.>.>.>.>.>.>.>.>.>.>.>.>.>.>.>.>.######
######>.>.>.>.>.>.>.>.>.>.>.>.>.>.>.>.>.>.>.>.>.>.>.>.                                                                                                                  >.>.>.>.>.>.>.>.>.>.>.>.>.>.>.>.>.>.>.>.>.>.>.>.######
######>.>.>.>.>.>.>.>.>.>.>.>.>.>.>.>.>.>.>.>.>.>.>.>.                                                                                                                  >.>.>.>.>.>.>.>.>.>.>.>.>.>.>.>.>.>.>.>.>.>.>.>.######
######>.>.>.>.>.>.>.>.>.>.>.>.>.>.>.>.>.>.>.>.>.>.>.>.                                                                                                                  >.>.>.>.>.>.>.>.>.>.>.>.>.>.>.>.>.>.>.>.>.>.>.>.######
######>.>.>.>.>.>.>.>.>.>.>.>.>.>.>.>.>.>.>.>.>.>.>.>.                                                                                                                  >.>.>.>.>.>.>.>.>.>.>.>.>.>.>.>.>.>.>.>.>.>.>.>.######
######>.>.>.>.>.>.>.>.>.>.>.>.>.>.>.>.>.>.>.>.>.>.>.>.                                                                                                                  >.>.>.>.>.>.>.>.>.>.>.>.>.>.>.>.>.>.>.>.>.>.>.>.######
######>.>.>.>.>.>.>.>.>.>.>.>.>.>.>.>.>.>.>.>.>.>.>.>.                                                                                                                  >.>.>.>.>.>.>.>.>.>.>.>.>.>.>.>.>.>.>.>.>.>.>.>.######
##############################################                                                                                                                                    ############################################
##############################################                                                                                                                                    ############################################
####################                                                                                                                                                                                        ##################
####################                                                                                                                                                                                        ##################
####################                                                                                                                                                                                        ##################
####################                                                                                                                                                                                        ##################
####################                                                                                                                                                                                        ##################
####################                                                                                                                                                                                        ##################
####################                                                                                                                                                                                        ##################
####################                                                                                                                                                                                        ##################
####################                                                                                                                                                                                        ##################
####################                    ##########################                                                                                          ##########################                      ##################
####################                    ##########################                                                                                          ##########################                      ##################
####################                    ##########################                                                                                          ##########################                      ##################
####################                    ##########################                                                                                          ##########################                      ##################
####################                    ##########################                                                                                          ##########################                      ##################
####################                    ##########################                                                                                          ##########################                      ##################
####################                    ##########################                                                                                          ##########################                      ##################
####################                    ##########################                                                                                          ##########################                      ##################
####################                    ##########################                                                                                          ##########################                      ##################
####################                    ##########################                                                                                          ##########################                      ##################
####################                    ##########################                                                                                          ##########################                      ##################
####################                    ##########################                                                                                          ##########################                      ##################
####################                    ##########################                                                                                          ##########################                      ##################
####################                    ##########################                                                                                          ##########################                      ##################
####################                    ##########################                                                                                          ##########################                      ##################
####################                    ##########################                                                                                          ##########################                      ##################
####################                                                                                                                                                                                        ##################
####################                                                                                                                                                                                        ##################
####################                                                                                                                                                                                        ##################
####################                                                                                                                                                                                        ##################
####################                                                                                                                                                                                        ##################
####################                                                                                                                                                                                        ##################
####################                                                                                                                                                                                        ##################
####################                                                                                                                                                                                        ##################
####################                                                                                                                                                                                        ##################
####################                                                                                                                                                                                        ##################
####################                                                                                                                                                                                        ##################

---

{
  "allianceColor" : "BLUE",
  "name" : "Charge Station",
  "bottomLeft" : {
    "x" : 2.919476,
    "y" : 1.508506
  },
  "topRight" : {
    "x" : 4.853051,
    "y" : 3.978656
  }
}{
  "allianceColor" : "RED",
  "name" : "Charge Station",
  "bottomLeft" : {
    "x" : 11.688699,
    "y" : 1.508506
  },
  "topRight" : {
    "x" : 13.622274,
    "y" : 3.978656
  }
}{
  "allianceColor" : "BLUE",
  "name" : "Scoring Grid",
  "bottomLeft" : {
    "x" : 0.0,
    "y" : 0.0
  },
  "topRight" : {
    "x" : 1.37795,
    "y" : 5.6388
  }
}{
  "allianceColor" : "RED",
  "name" : "Scoring Grid",
  "bottomLeft" : {
    "x" : 15.1638,
    "y" : 0.0
  },
  "topRight" : {
    "x" : 16.54175,
    "y" : 5.6388
  }
}{
  "allianceColor" : "RED",
  "name" : "Barrier",
  "bottomLeft" : {
    "x" : 1.17,
    "y" : 5.35
  },
  "topRight" : {
    "x" : 3.31,
    "y" : 5.61
  }
}{
  "allianceColor" : "BLUE",
  "name" : "Barrier",
  "bottomLeft" : {
    "x" : 13.23175,
    "y" : 5.35
  },
  "topRight" : {
    "x" : 15.37175,
    "y" : 5.61
  }
}{
  "allianceColor" : "RED",
  "name" : "Double Substation",
  "bottomLeft" : {
    "x" : 0.0,
    "y" : 5.6388
  },
  "topRight" : {
    "x" : 0.3556,
    "y" : 8.0137
  }
}{
  "allianceColor" : "BLUE",
  "name" : "Double Substation",
  "bottomLeft" : {
    "x" : 16.18615,
    "y" : 5.6388
  },
  "topRight" : {
    "x" : 16.54175,
    "y" : 8.0137
  }
}{
  "allianceColor" : "RED",
  "name" : "Substation Priority Flow Zone",
  "bottomLeft" : {
    "x" : 0.0,
    "y" : 5.65
  },
  "topRight" : {
    "x" : 4.0,
    "y" : 8.0137
  },
  "flowPreference" : "X_AXIS_PREFERRED"
}{
  "allianceColor" : "BLUE",
  "name" : "Substation Priority Flow Zone",
  "bottomLeft" : {
    "x" : 12.54175,
    "y" : 5.65
  },
  "topRight" : {
    "x" : 16.54175,
    "y" : 8.0137
  },
  "flowPreference" : "X_AXIS_PREFERRED"
}
]