frc.util.pathing.PoseInversionUtilityTests.trajectoryStateInversionMatchesSnapshot=[
######                                                                                                                                                                                                                  ######
######                                                                                                                                                                                                                  ######
######                                                                                                                                                                                                                  ######
######                                                                                                                                                                                                                  ######
######                                                                                                                                                                                                                  ######
######                                                                                                                                                                                                                  ######
######                                                                                                                                                                                                                  ######
######                                                                                                                                                                                                                  ######
######                                                                                                                                                                                                                  ######
######                                                                                                                                                                                                                  ######
######                                                                                                                                                                                                                  ######
######                                                                                                                                                                                                                  ######
######                                                                                                                                                                                                                  ######
######                                                                                                                                                                                                                  ######
######                                                                                                                                                                                                                  ######
######                                                                                                                                                                                                                  ######
##############################################                                                                                                                                    ############################################
####################                                                                                                                                                                                        ##################
####################                                                                                                                                                                                        ##################
####################                                                                                                                                                                                        ##################
####################                                                                                                                                                                                        ##################
####################                                                                                                                                                                                        ##################
####################                                                                                                                                                                                        ##################
####################                                                                                                                                                                                        ##################
####################    XXXX                                                                                                                                                                      ~~~~      ##################
####################      XXXX                                                                                                                                                                    ~~        ##################
####################        XX                                                                                                                                                                  ~~~~        ##################
####################        XX          ##########################                                                                                          ##########################          ~~          ##################
####################        XX          ##########################                                                                                          ##########################          ~~          ##################
####################        XX          ##########################                                                                                          ##########################          ~~          ##################
####################        XX          ##########################                                                                                          ##########################          ~~          ##################
####################        XXXXXXXXXXXXXXXXXXXXXXXXXX############                                                                                          ############~~~~~~~~~~~~~~~~~~~~~~~~~~          ##################
####################                    ##########################                                                                                          ##########################                      ##################
####################                    ##########################                                                                                          ##########################                      ##################
####################                    ##########################                                                                                          ##########################                      ##################
####################                    ##########################                                                                                          ##########################                      ##################
####################                    ##########################                                                                                          ##########################                      ##################
####################                    ##########################                                                                                          ##########################                      ##################
####################                    ##########################                                                                                          ##########################                      ##################
####################                    ##########################                                                                                          ##########################                      ##################
####################                    ##########################                                                                                          ##########################                      ##################
####################                    ##########################                                                                                          ##########################                      ##################
####################                    ##########################                                                                                          ##########################                      ##################
####################                                                                                                                                                                                        ##################
####################                                                                                                                                                                                        ##################
####################                                                                                                                                                                                        ##################
####################                                                                                                                                                                                        ##################
####################                                                                                                                                                                                        ##################
####################                                                                                                                                                                                        ##################
####################                                                                                                                                                                                        ##################
####################                                                                                                                                                                                        ##################
####################                                                                                                                                                                                        ##################
####################                                                                                                                                                                                        ##################
####################                                                                                                                                                                                        ##################

]