frc.util.pathing.PoseInversionUtilityTests.trajectoryStateInversionMatchesSnapshot=[
######                                                                                                                                                                                                                  ######
######                                                                                                                                                                                                                  ######
######                                                                                                                                                                                                                  ######
######                                                                                                                                                                                                                  ######
######                                                                                                                                                                                                                  ######
######                                                                                                                                                                                                                  ######
######                                                                                                                                                                                                                  ######
######                                                                                                                                                                                                                  ######
######                                                                                                                                                                                                                  ######
######                                                                                                                                                                                                                  ######
######                                                                                                                                                                                                                  ######
######                                                                                                                                                                                                                  ######
######                                                                                                                                                                                                                  ######
######                                                                                                                                                                                                                  ######
######                                                                                                                                                                                                                  ######
######                                                                                                                                                                                                                  ######
##############################################                                                                                                                                    ############################################
####################                                                                                                                                                                                        ##################
####################                                                                                                                                                                                        ##################
####################                                                                                                                                                                                        ##################
####################                                                                                                                                                                                        ##################
####################                                                                                                                                                                                        ##################
####################                                                                                                                                                                                        ##################
####################                                                                                                                                                                                        ##################
####################  ::::::                                                                                                                                                                      ::::      ##################
####################      ::                                                                                                                                                                    ::::        ##################
####################      ::                                                                                                                                                                    ::          ##################
####################      ::            ##########################                                                                                          ##########################          ::          ##################
####################      ::            ##########################                                                                                          ##########################          ::          ##################
####################      ::            ##########################                                                                                          ##########################          ::          ##################
####################      ::::          ##########################                                                                                          ##########################          ::          ##################
####################        ::::::::::::::::::::::::::############                                                                                          ##########::::::::::::::::::::::::::::          ##################
####################                    ##########################                                                                                          ##########################                      ##################
####################                    ##########################                                                                                          ##########################                      ##################
####################                    ##########################                                                                                          ##########################                      ##################
####################                    ##########################                                                                                          ##########################                      ##################
####################                    ##########################                                                                                          ##########################                      ##################
####################                    ##########################                                                                                          ##########################                      ##################
####################                    ##########################                                                                                          ##########################                      ##################
####################                    ##########################                                                                                          ##########################                      ##################
####################                    ##########################                                                                                          ##########################                      ##################
####################                    ##########################                                                                                          ##########################                      ##################
####################                    ##########################                                                                                          ##########################                      ##################
####################                                                                                                                                                                                        ##################
####################                                                                                                                                                                                        ##################
####################                                                                                                                                                                                        ##################
####################                                                                                                                                                                                        ##################
####################                                                                                                                                                                                        ##################
####################                                                                                                                                                                                        ##################
####################                                                                                                                                                                                        ##################
####################                                                                                                                                                                                        ##################
####################                                                                                                                                                                                        ##################
####################                                                                                                                                                                                        ##################
####################                                                                                                                                                                                        ##################

]